RAM Allocation [bytes]
Variable                                                                          Address   Size
------------------------------------------------------------------------------------------------
__ds1820_scratch_pad                                                              0x0242       9
decet_min_clock                                                                   0x024B       1
ed_hours_clock                                                                    0x024C       1
decet_Hours_clock                                                                 0x024D       1
h                                                                                 0x024E       1
m                                                                                 0x024F       1
s                                                                                 0x0250       1
st                                                                                0x0251       1
st_v                                                                              0x0252       1
st_po                                                                             0x0253       1
err                                                                               0x0254       2
counter                                                                           0x0256       1
work                                                                              0x0257       1
test                                                                              0x0258       1
es_gps                                                                            0x0259       1
cnt_rem                                                                           0x025A       1
cnt_c                                                                             0x025B       1
error                                                                             0x025C       1
kvadrat                                                                           0x025D       1
decet_sek_clock                                                                   0x025E       1
alarm_u                                                                           0x025F       1
c                                                                                 0x0260       1
t                                                                                 0x0261       1
metr                                                                              0x0262       2
ts                                                                                0x0264       1
tm                                                                                0x0265       1
st_s                                                                              0x0266       1
r                                                                                 0x0267       1
met                                                                               0x0268       1
adc_dataw                                                                         0x0269       2
adc_data                                                                          0x026B       2
adc_datawi                                                                        0x026D       2
cout_in                                                                           0x026F       1
copy                                                                              0x0270       4
wcnt_rem                                                                          0x0274       4
wcnt_c                                                                            0x0278       4
lcd_buf                                                                           0x027C      16
speed_array                                                                       0x028C      10
speed                                                                             0x0296      10
rx_buffer                                                                         0x02A0     100
rx_wr_index                                                                       0x0304       1
rx_rd_index                                                                       0x0305       1
rx_counter                                                                        0x0306       1
_seed                                                                             0x0307       4
_base_y                                                                           0x030B       4
_lcd_x                                                                            0x030F       1
_lcd_y                                                                            0x0310       1
_lcd_maxx                                                                         0x0311       1

EEPROM Allocation [bytes]
Variable                                                                          Address   Size
------------------------------------------------------------------------------------------------

Register Allocation
Variable                                                                          Register  Size
------------------------------------------------------------------------------------------------
work_gps                                                                          R5           1
i                                                                                 R4           1
temp_msb                                                                          R7           1
temp_lsb                                                                          R6           1
ed_speed                                                                          R9           1
deset_speed                                                                       R8           1
soten_speed                                                                       R11          1
sum_hours                                                                         R10          1
j                                                                                 R13          1
ed_min_clock                                                                      R12          1
flag                                                                              R2.0      1bit
rx_buffer_overflow                                                                R2.1      1bit

FLASH Allocation [words]
Function                                                                          Address   Size
------------------------------------------------------------------------------------------------
usart_rx_isr                                                                      0x00128     67
reset                                                                             0x0016B     15
lcd_d                                                                             0x0017A     19
tim                                                                               0x0018D    221
ext_int0_isr                                                                      0x0026A      6
timer0_ovf_isr                                                                    0x00270    116
adc_isr                                                                           0x002E4     14
main                                                                              0x002F2   1305
itoa                                                                              0x0080B     46
ftoa                                                                              0x00839    205
rtc_init                                                                          0x00906     25
rtc_get_time                                                                      0x0091F     35
rtc_set_time                                                                      0x00942     25
_lcd_write_nibble_G103                                                            0x0095B     38
_lcd_write_data                                                                   0x00981     12
lcd_gotoxy                                                                        0x0098D     17
lcd_clear                                                                         0x0099E     14
lcd_putchar                                                                       0x009AC     32
lcd_puts                                                                          0x009CC     17
lcd_init                                                                          0x009DD     47
putchar                                                                           0x00A0C      7
memset                                                                            0x00A13     16
strcpyf                                                                           0x00A23     13
ftrunc                                                                            0x00A30     49
floor                                                                             0x00A61     23
bcd2bin                                                                           0x00A78     13
bin2bcd                                                                           0x00A85     10
